
> nextn@0.1.0 build
> npx next build

   ▲ Next.js 15.5.7
   - Environments: .env.local
   - Experiments (use with caution):
     · optimizePackageImports

   Creating an optimized production build ...
node.exe : Failed to 
compile.
At line:1 char:1
+ & "C:\Program Files
\nodejs/node.exe" 
"C:\Program 
Files\nodejs/node_mo 
...
+ ~~~~~~~~~~~~~~~~~~~
~~~~~~~~~~~~~~~~~~~~~
~~~~~~~~~~~~~~~~~~~~~
~~~~~~~~
    + CategoryInfo   
           : NotSpe  
  cified: (Failed    
 to compile.:Stri    
ng) [], RemoteEx    
ception
    + FullyQualified 
   ErrorId : Native  
  CommandError
 

./src/components/orde
rs-table.tsx
Module not found: 
Can't resolve '@/comp
onents/ui/use-toast'

https://nextjs.org/do
cs/messages/module-no
t-found

Import trace for 
requested module:
./src/app/dashboard/o
rders/page.tsx

./src/components/orde
rs-table.tsx
Module not found: 
Can't resolve 
'@/store/users-store'

https://nextjs.org/do
cs/messages/module-no
t-found

Import trace for 
requested module:
./src/app/dashboard/o
rders/page.tsx

./src/hooks/use-order
s-table.ts
Module not found: 
Can't resolve '@/comp
onents/ui/use-toast'

https://nextjs.org/do
cs/messages/module-no
t-found

Import trace for 
requested module:
./src/components/orde
rs-table.tsx
./src/app/dashboard/o
rders/page.tsx

./src/hooks/use-order
s-table.ts
Module not found: 
Can't resolve 
'@/store/users-store'

https://nextjs.org/do
cs/messages/module-no
t-found

Import trace for 
requested module:
./src/components/orde
rs-table.tsx
./src/app/dashboard/o
rders/page.tsx


> Build failed 
because of webpack 
errors
